{
  "3": {
    "file": "year-3.jsonl",
    "total_items": 2060,
    "by_domain": {
      "reading": 560,
      "conventions_of_language": 600,
      "numeracy": 800,
      "writing": 100
    },
    "by_difficulty": {
      "easy": 772,
      "medium": 870,
      "hard": 318,
      "not_applicable": 100
    },
    "by_absolute_complexity": {
      "1": 772,
      "2": 870,
      "3": 318,
      "not_applicable": 100
    },
    "by_pathway_band": {
      "lower": 772,
      "average": 870,
      "higher": 318,
      "not_applicable": 100
    },
    "by_item_type": {
      "multiple_choice": 1323,
      "hot_text": 32,
      "inline_choice": 80,
      "multiple_select": 80,
      "drag_and_drop": 80,
      "text_entry": 288,
      "hotspot": 76,
      "matrix": 1,
      "writing_prompt": 100
    },
    "answer_critical_media_items": 391,
    "machine_scorable_items": 1960,
    "psychometric_status": "uncalibrated",
    "numeracy_by_strand": {
      "number": 320,
      "probability": 40,
      "algebra": 80,
      "measurement": 184,
      "statistics": 64,
      "space": 112
    },
    "conventions_by_subdomain": {
      "spelling": 288,
      "grammar": 218,
      "punctuation": 94
    },
    "reading_by_text_type": {
      "imaginative": 224,
      "informative": 196,
      "persuasive": 140
    }
  },
  "5": {
    "file": "year-5.jsonl",
    "total_items": 2060,
    "by_domain": {
      "reading": 560,
      "conventions_of_language": 600,
      "numeracy": 800,
      "writing": 100
    },
    "by_difficulty": {
      "easy": 608,
      "medium": 884,
      "hard": 468,
      "not_applicable": 100
    },
    "by_absolute_complexity": {
      "3": 608,
      "4": 884,
      "5": 468,
      "not_applicable": 100
    },
    "by_pathway_band": {
      "lower": 608,
      "average": 884,
      "higher": 468,
      "not_applicable": 100
    },
    "by_item_type": {
      "multiple_choice": 1377,
      "hot_text": 32,
      "inline_choice": 80,
      "multiple_select": 80,
      "drag_and_drop": 80,
      "text_entry": 288,
      "hotspot": 22,
      "matrix": 1,
      "writing_prompt": 100
    },
    "answer_critical_media_items": 319,
    "machine_scorable_items": 1960,
    "psychometric_status": "uncalibrated",
    "numeracy_by_strand": {
      "space": 112,
      "statistics": 88,
      "number": 320,
      "algebra": 80,
      "measurement": 160,
      "probability": 40
    },
    "conventions_by_subdomain": {
      "spelling": 288,
      "grammar": 218,
      "punctuation": 94
    },
    "reading_by_text_type": {
      "imaginative": 224,
      "persuasive": 140,
      "informative": 196
    }
  },
  "7": {
    "file": "year-7.jsonl",
    "total_items": 2060,
    "by_domain": {
      "reading": 560,
      "conventions_of_language": 600,
      "numeracy": 800,
      "writing": 100
    },
    "by_difficulty": {
      "easy": 458,
      "medium": 884,
      "hard": 618,
      "not_applicable": 100
    },
    "by_absolute_complexity": {
      "5": 458,
      "6": 884,
      "7": 618,
      "not_applicable": 100
    },
    "by_pathway_band": {
      "lower": 458,
      "average": 884,
      "higher": 618,
      "not_applicable": 100
    },
    "by_item_type": {
      "multiple_choice": 1353,
      "inline_choice": 80,
      "multiple_select": 80,
      "drag_and_drop": 80,
      "hot_text": 26,
      "text_entry": 331,
      "matrix": 1,
      "hotspot": 9,
      "writing_prompt": 100
    },
    "answer_critical_media_items": 313,
    "machine_scorable_items": 1960,
    "psychometric_status": "uncalibrated",
    "numeracy_by_strand": {
      "probability": 40,
      "number": 320,
      "algebra": 80,
      "statistics": 88,
      "space": 112,
      "measurement": 160
    },
    "conventions_by_subdomain": {
      "spelling": 288,
      "grammar": 218,
      "punctuation": 94
    },
    "reading_by_text_type": {
      "persuasive": 189,
      "informative": 189,
      "imaginative": 182
    }
  },
  "9": {
    "file": "year-9.jsonl",
    "total_items": 2060,
    "by_domain": {
      "reading": 560,
      "conventions_of_language": 600,
      "numeracy": 800,
      "writing": 100
    },
    "by_difficulty": {
      "easy": 388,
      "medium": 790,
      "hard": 782,
      "not_applicable": 100
    },
    "by_absolute_complexity": {
      "7": 388,
      "8": 790,
      "9": 782,
      "not_applicable": 100
    },
    "by_pathway_band": {
      "lower": 388,
      "average": 790,
      "higher": 782,
      "not_applicable": 100
    },
    "by_item_type": {
      "multiple_choice": 1326,
      "inline_choice": 80,
      "multiple_select": 80,
      "drag_and_drop": 80,
      "hot_text": 26,
      "text_entry": 352,
      "matrix": 1,
      "hotspot": 15,
      "writing_prompt": 100
    },
    "answer_critical_media_items": 340,
    "machine_scorable_items": 1960,
    "psychometric_status": "uncalibrated",
    "numeracy_by_strand": {
      "algebra": 120,
      "space": 112,
      "statistics": 88,
      "number": 280,
      "measurement": 160,
      "probability": 40
    },
    "conventions_by_subdomain": {
      "spelling": 288,
      "punctuation": 94,
      "grammar": 218
    },
    "reading_by_text_type": {
      "persuasive": 189,
      "informative": 189,
      "imaginative": 182
    }
  }
}
